%!Adobe-FontList 1.16
%Locale:0x809

%BeginFont
Handler:DirectoryHandler
FontType:TrueType
FontName:Antonio-Regular
FamilyName:Antonio
StyleName:Regular
FullName:Antonio Regular
MenuName:Antonio
StyleBits:0
WritingScript:Roman
OutlineFileName:C:\Users\ACER\Desktop\DONATELO LP checkout form 12-10-2019 Package\Document fonts\Antonio-Regular.ttf
DataFormat:sfntData
FileLength:47944
FileModTime:1373972038
WeightClass:400
WidthClass:1
AngleClass:0
NameArray:0,Mac,4,Antonio Regular
NameArray:0,Win,1,Antonio
NameArray:0,Win,16,Antonio
%EndFont

%BeginFont
Handler:DirectoryHandler
FontType:Type1
FontName:AvenirNextLTPro-CnIt
FamilyName:Avenir Next LT Pro
StyleName:Condensed Italic
FullName:Avenir Next LT Pro Condensed Italic
MenuName:AvenirNext LT Pro Cn
StyleBits:1
WritingScript:Roman
OutlineFileName:C:\Users\ACER\Desktop\DONATELO LP checkout form 12-10-2019 Package\Document fonts\AvenirNextLTPro-CnIt.otf
DataFormat:sfntData
UsesStandardEncoding:yes
isCFF:yes
FileLength:71156
FileModTime:1411225978
WeightClass:400
WidthClass:5
AngleClass:1
NameArray:0,Mac,18,AvenirNext LT Pro CnIt
NameArray:0,Mac,4,Avenir Next LT Pro Condensed Italic
NameArray:0,Win,1,AvenirNext LT Pro Cn
NameArray:0,Win,16,Avenir Next LT Pro
%EndFont

%BeginFont
Handler:DirectoryHandler
FontType:Type1
FontName:AvenirNextLTPro-Demi
FamilyName:Avenir Next LT Pro
StyleName:Demi
FullName:Avenir Next LT Pro Demi
MenuName:AvenirNext LT Pro Regular
StyleBits:2
WritingScript:Roman
OutlineFileName:C:\Users\ACER\Desktop\DONATELO LP checkout form 12-10-2019 Package\Document fonts\AvenirNextLTPro-Demi.otf
DataFormat:sfntData
UsesStandardEncoding:yes
isCFF:yes
FileLength:69172
FileModTime:1411225978
WeightClass:600
WidthClass:5
AngleClass:0
NameArray:0,Mac,18,AvenirNext LT Pro Demi
NameArray:0,Mac,4,Avenir Next LT Pro Demi
NameArray:0,Win,1,AvenirNext LT Pro Regular
NameArray:0,Win,16,Avenir Next LT Pro
%EndFont

%BeginFont
Handler:DirectoryHandler
FontType:Type1
FontName:AvenirNextLTPro-DemiCn
FamilyName:Avenir Next LT Pro
StyleName:Demi Condensed
FullName:Avenir Next LT Pro Demi Condensed
MenuName:AvenirNext LT Pro Cn
StyleBits:2
WritingScript:Roman
OutlineFileName:C:\Users\ACER\Desktop\DONATELO LP checkout form 12-10-2019 Package\Document fonts\AvenirNextLTPro-DemiCn.otf
DataFormat:sfntData
UsesStandardEncoding:yes
isCFF:yes
FileLength:70064
FileModTime:1411225978
WeightClass:600
WidthClass:5
AngleClass:0
NameArray:0,Mac,18,AvenirNext LT Pro DemiCn
NameArray:0,Mac,4,Avenir Next LT Pro Demi Condensed
NameArray:0,Win,1,AvenirNext LT Pro Cn
NameArray:0,Win,16,Avenir Next LT Pro
%EndFont

%BeginFont
Handler:DirectoryHandler
FontType:Type1
FontName:AvenirNextLTPro-MediumCn
FamilyName:Avenir Next LT Pro
StyleName:Medium Condensed
FullName:Avenir Next LT Pro Medium Condensed
MenuName:AvenirNext LT Pro MediumCn
StyleBits:0
WritingScript:Roman
OutlineFileName:C:\Users\ACER\Desktop\DONATELO LP checkout form 12-10-2019 Package\Document fonts\AvenirNextLTPro-MediumCn.otf
DataFormat:sfntData
UsesStandardEncoding:yes
isCFF:yes
FileLength:69116
FileModTime:1411225978
WeightClass:500
WidthClass:5
AngleClass:0
NameArray:0,Mac,18,AvenirNext LT Pro MediumCn
NameArray:0,Mac,4,Avenir Next LT Pro Medium Condensed
NameArray:0,Win,1,AvenirNext LT Pro MediumCn
NameArray:0,Win,16,Avenir Next LT Pro
%EndFont

%BeginFont
Handler:DirectoryHandler
FontType:Type1
FontName:AvenirNextLTPro-UltLtCn
FamilyName:Avenir Next LT Pro
StyleName:Ultra Light Condensed
FullName:Avenir Next LT Pro Ultra Light Condensed
MenuName:AvenirNext LT Pro UltLightCn
StyleBits:0
WritingScript:Roman
OutlineFileName:C:\Users\ACER\Desktop\DONATELO LP checkout form 12-10-2019 Package\Document fonts\AvenirNextLTPro-UltLtCn.otf
DataFormat:sfntData
UsesStandardEncoding:yes
isCFF:yes
FileLength:68004
FileModTime:1411225978
WeightClass:275
WidthClass:5
AngleClass:0
NameArray:0,Mac,18,AvenirNext LT Pro UltLightCn
NameArray:0,Mac,4,Avenir Next LT Pro Ultra Light Condensed
NameArray:0,Win,1,AvenirNext LT Pro UltLightCn
NameArray:0,Win,16,Avenir Next LT Pro
%EndFont

%BeginFont
Handler:DirectoryHandler
FontType:TrueType
FontName:OpenSans-Bold
FamilyName:Open Sans
StyleName:Bold
FullName:Open Sans Bold
MenuName:Open Sans
StyleBits:2
WritingScript:Roman
OutlineFileName:C:\Users\ACER\Desktop\DONATELO LP checkout form 12-10-2019 Package\Document fonts\open-sans.bold.ttf
DataFormat:sfntData
FileLength:224592
FileModTime:1408434900
WeightClass:700
WidthClass:5
AngleClass:0
NameArray:0,Mac,4,Open Sans Bold
NameArray:0,Win,1,Open Sans
%EndFont

%BeginFont
Handler:DirectoryHandler
FontType:TrueType
FontName:OpenSans
FamilyName:Open Sans
StyleName:Regular
FullName:Open Sans
MenuName:Open Sans
StyleBits:0
WritingScript:Roman
OutlineFileName:C:\Users\ACER\Desktop\DONATELO LP checkout form 12-10-2019 Package\Document fonts\open-sans.regular.ttf
DataFormat:sfntData
FileLength:217360
FileModTime:1408434883
WeightClass:400
WidthClass:5
AngleClass:0
NameArray:0,Mac,4,Open Sans
NameArray:0,Win,1,Open Sans
%EndFont

%BeginFont
Handler:DirectoryHandler
FontType:TrueType
FontName:OpenSans-Semibold
FamilyName:Open Sans
StyleName:Semibold
FullName:Open Sans Semibold
MenuName:Open Sans Semibold
StyleBits:0
WritingScript:Roman
OutlineFileName:C:\Users\ACER\Desktop\DONATELO LP checkout form 12-10-2019 Package\Document fonts\open-sans.semibold.ttf
DataFormat:sfntData
FileLength:221328
FileModTime:1408434891
WeightClass:600
WidthClass:5
AngleClass:0
NameArray:0,Mac,4,Open Sans Semibold
NameArray:0,Win,1,Open Sans Semibold
NameArray:0,Win,16,Open Sans
%EndFont

